2026-06-14 17:00:04,408 [INFO] ============================================================
2026-06-14 17:00:04,408 [INFO] 商业情报采集脚本启动 — 2026-06-14T17:00:04.408971
2026-06-14 17:00:04,409 [INFO] ============================================================
2026-06-14 17:00:04,409 [INFO] --- 开始采集: 中国政府采购网 ---
2026-06-14 17:00:04,409 [INFO]   请求 [1/3]: https://search.ccgp.gov.cn/bxsearch...
2026-06-14 17:00:04,899 [INFO]   请求 [1/3]: https://search.ccgp.gov.cn/bxsearch...
2026-06-14 17:00:05,401 [INFO]   请求 [1/3]: https://search.ccgp.gov.cn/bxsearch...
2026-06-14 17:00:05,856 [INFO]   请求 [1/3]: https://search.ccgp.gov.cn/bxsearch...
2026-06-14 17:00:06,317 [INFO]   请求 [1/3]: https://search.ccgp.gov.cn/bxsearch...
2026-06-14 17:00:06,766 [INFO]   采集到 11 条
2026-06-14 17:00:06,767 [INFO] --- 开始采集: 国家文物局 ---
2026-06-14 17:00:06,767 [INFO]   请求 [1/3]: https://www.ncha.gov.cn/col/col2314/index.html...
2026-06-14 17:00:41,367 [WARNING]   连接错误: HTTPSConnectionPool(host='www.ncha.gov.cn', port=443): Max retries exceeded with url: /col/col2314/index.html (Caused by NewConnectionError("HTTPSConnection(host='www.ncha.gov.cn', port=443): Failed to establish a new connection: [WinError 10061] 由于目标计算机积极拒绝，无法连接。")) (attempt 1)
2026-06-14 17:00:43,368 [INFO]   请求 [2/3]: https://www.ncha.gov.cn/col/col2314/index.html...
2026-06-14 17:01:17,957 [WARNING]   连接错误: HTTPSConnectionPool(host='www.ncha.gov.cn', port=443): Max retries exceeded with url: /col/col2314/index.html (Caused by NewConnectionError("HTTPSConnection(host='www.ncha.gov.cn', port=443): Failed to establish a new connection: [WinError 10061] 由于目标计算机积极拒绝，无法连接。")) (attempt 2)
2026-06-14 17:01:21,958 [INFO]   请求 [3/3]: https://www.ncha.gov.cn/col/col2314/index.html...
2026-06-14 17:01:56,532 [WARNING]   连接错误: HTTPSConnectionPool(host='www.ncha.gov.cn', port=443): Max retries exceeded with url: /col/col2314/index.html (Caused by NewConnectionError("HTTPSConnection(host='www.ncha.gov.cn', port=443): Failed to establish a new connection: [WinError 10061] 由于目标计算机积极拒绝，无法连接。")) (attempt 3)
2026-06-14 17:01:56,532 [ERROR]   请求失败，已达最大重试次数: https://www.ncha.gov.cn/col/col2314/index.html
2026-06-14 17:01:56,532 [INFO]   请求 [1/3]: https://www.ncha.gov.cn/col/col2315/index.html...
2026-06-14 17:02:31,105 [WARNING]   连接错误: HTTPSConnectionPool(host='www.ncha.gov.cn', port=443): Max retries exceeded with url: /col/col2315/index.html (Caused by NewConnectionError("HTTPSConnection(host='www.ncha.gov.cn', port=443): Failed to establish a new connection: [WinError 10061] 由于目标计算机积极拒绝，无法连接。")) (attempt 1)
2026-06-14 17:02:33,105 [INFO]   请求 [2/3]: https://www.ncha.gov.cn/col/col2315/index.html...
2026-06-14 17:03:07,682 [WARNING]   连接错误: HTTPSConnectionPool(host='www.ncha.gov.cn', port=443): Max retries exceeded with url: /col/col2315/index.html (Caused by NewConnectionError("HTTPSConnection(host='www.ncha.gov.cn', port=443): Failed to establish a new connection: [WinError 10061] 由于目标计算机积极拒绝，无法连接。")) (attempt 2)
2026-06-14 17:03:11,683 [INFO]   请求 [3/3]: https://www.ncha.gov.cn/col/col2315/index.html...
2026-06-14 17:03:46,256 [WARNING]   连接错误: HTTPSConnectionPool(host='www.ncha.gov.cn', port=443): Max retries exceeded with url: /col/col2315/index.html (Caused by NewConnectionError("HTTPSConnection(host='www.ncha.gov.cn', port=443): Failed to establish a new connection: [WinError 10061] 由于目标计算机积极拒绝，无法连接。")) (attempt 3)
2026-06-14 17:03:46,256 [ERROR]   请求失败，已达最大重试次数: https://www.ncha.gov.cn/col/col2315/index.html
2026-06-14 17:03:46,256 [INFO]   请求 [1/3]: https://www.ncha.gov.cn/col/col2316/index.html...
2026-06-14 17:04:20,849 [WARNING]   连接错误: HTTPSConnectionPool(host='www.ncha.gov.cn', port=443): Max retries exceeded with url: /col/col2316/index.html (Caused by NewConnectionError("HTTPSConnection(host='www.ncha.gov.cn', port=443): Failed to establish a new connection: [WinError 10061] 由于目标计算机积极拒绝，无法连接。")) (attempt 1)
2026-06-14 17:04:22,849 [INFO]   请求 [2/3]: https://www.ncha.gov.cn/col/col2316/index.html...
2026-06-14 17:04:57,436 [WARNING]   连接错误: HTTPSConnectionPool(host='www.ncha.gov.cn', port=443): Max retries exceeded with url: /col/col2316/index.html (Caused by NewConnectionError("HTTPSConnection(host='www.ncha.gov.cn', port=443): Failed to establish a new connection: [WinError 10061] 由于目标计算机积极拒绝，无法连接。")) (attempt 2)
2026-06-14 17:05:01,436 [INFO]   请求 [3/3]: https://www.ncha.gov.cn/col/col2316/index.html...
2026-06-14 17:05:36,023 [WARNING]   连接错误: HTTPSConnectionPool(host='www.ncha.gov.cn', port=443): Max retries exceeded with url: /col/col2316/index.html (Caused by NewConnectionError("HTTPSConnection(host='www.ncha.gov.cn', port=443): Failed to establish a new connection: [WinError 10061] 由于目标计算机积极拒绝，无法连接。")) (attempt 3)
2026-06-14 17:05:36,023 [ERROR]   请求失败，已达最大重试次数: https://www.ncha.gov.cn/col/col2316/index.html
2026-06-14 17:05:36,024 [INFO]   采集到 0 条
2026-06-14 17:05:36,024 [INFO] --- 开始采集: 弘博网 ---
2026-06-14 17:05:36,024 [INFO]   请求 [1/3]: https://www.hongbowang.net/news/index.html...
2026-06-14 17:05:36,889 [WARNING]   HTTP错误: 404 Client Error: Not Found for url: https://www.hongbowang.net/news/index.html (attempt 1)
2026-06-14 17:05:38,889 [INFO]   请求 [2/3]: https://www.hongbowang.net/news/index.html...
2026-06-14 17:05:39,786 [WARNING]   HTTP错误: 404 Client Error: Not Found for url: https://www.hongbowang.net/news/index.html (attempt 2)
2026-06-14 17:05:43,787 [INFO]   请求 [3/3]: https://www.hongbowang.net/news/index.html...
2026-06-14 17:05:44,652 [WARNING]   HTTP错误: 404 Client Error: Not Found for url: https://www.hongbowang.net/news/index.html (attempt 3)
2026-06-14 17:05:44,652 [ERROR]   请求失败，已达最大重试次数: https://www.hongbowang.net/news/index.html
2026-06-14 17:05:44,653 [INFO]   请求 [1/3]: https://www.hongbowang.net/news/zc/index.html...
2026-06-14 17:05:45,517 [WARNING]   HTTP错误: 404 Client Error: Not Found for url: https://www.hongbowang.net/news/zc/index.html (attempt 1)
2026-06-14 17:05:47,518 [INFO]   请求 [2/3]: https://www.hongbowang.net/news/zc/index.html...
2026-06-14 17:05:48,399 [WARNING]   HTTP错误: 404 Client Error: Not Found for url: https://www.hongbowang.net/news/zc/index.html (attempt 2)
2026-06-14 17:05:52,400 [INFO]   请求 [3/3]: https://www.hongbowang.net/news/zc/index.html...
2026-06-14 17:05:53,251 [WARNING]   HTTP错误: 404 Client Error: Not Found for url: https://www.hongbowang.net/news/zc/index.html (attempt 3)
2026-06-14 17:05:53,251 [ERROR]   请求失败，已达最大重试次数: https://www.hongbowang.net/news/zc/index.html
2026-06-14 17:05:53,252 [INFO]   采集到 0 条
2026-06-14 17:05:53,252 [INFO] 去重后: 10 条
2026-06-14 17:05:53,253 [INFO] 输出已写入: C:\Users\Administrator\Favorites\workspace-work\versions\v1.3.3\src\data\raw_business.json (10 条)
2026-06-14 17:05:53,253 [INFO] 商业情报采集脚本执行完成
