2026-06-14 18:31:22,790 [INFO] ============================================================
2026-06-14 18:31:22,790 [INFO] 商业情报采集脚本启动 — 2026-06-14T18:31:22.790557
2026-06-14 18:31:22,790 [INFO] ============================================================
2026-06-14 18:31:22,791 [INFO] --- 开始采集: 中国政府采购网 ---
2026-06-14 18:31:22,791 [INFO]   请求 [1/3]: https://search.ccgp.gov.cn/bxsearch...
2026-06-14 18:31:23,276 [INFO]   请求 [1/3]: https://search.ccgp.gov.cn/bxsearch...
2026-06-14 18:31:23,838 [INFO]   请求 [1/3]: https://search.ccgp.gov.cn/bxsearch...
2026-06-14 18:31:24,290 [INFO]   请求 [1/3]: https://search.ccgp.gov.cn/bxsearch...
2026-06-14 18:31:24,749 [INFO]   请求 [1/3]: https://search.ccgp.gov.cn/bxsearch...
2026-06-14 18:31:25,163 [INFO]   采集到 11 条
2026-06-14 18:31:25,165 [INFO] --- 开始采集: 国家文物局 ---
2026-06-14 18:31:25,165 [INFO]   请求 [1/3]: https://www.ncha.gov.cn/col/col2314/index.html...
2026-06-14 18:31:59,778 [WARNING]   连接错误: HTTPSConnectionPool(host='www.ncha.gov.cn', port=443): Max retries exceeded with url: /col/col2314/index.html (Caused by NewConnectionError("HTTPSConnection(host='www.ncha.gov.cn', port=443): Failed to establish a new connection: [WinError 10061] 由于目标计算机积极拒绝，无法连接。")) (attempt 1)
2026-06-14 18:32:01,778 [INFO]   请求 [2/3]: https://www.ncha.gov.cn/col/col2314/index.html...
2026-06-14 18:32:36,367 [WARNING]   连接错误: HTTPSConnectionPool(host='www.ncha.gov.cn', port=443): Max retries exceeded with url: /col/col2314/index.html (Caused by NewConnectionError("HTTPSConnection(host='www.ncha.gov.cn', port=443): Failed to establish a new connection: [WinError 10061] 由于目标计算机积极拒绝，无法连接。")) (attempt 2)
2026-06-14 18:32:40,368 [INFO]   请求 [3/3]: https://www.ncha.gov.cn/col/col2314/index.html...
2026-06-14 18:33:14,965 [WARNING]   连接错误: HTTPSConnectionPool(host='www.ncha.gov.cn', port=443): Max retries exceeded with url: /col/col2314/index.html (Caused by NewConnectionError("HTTPSConnection(host='www.ncha.gov.cn', port=443): Failed to establish a new connection: [WinError 10061] 由于目标计算机积极拒绝，无法连接。")) (attempt 3)
2026-06-14 18:33:14,965 [ERROR]   请求失败，已达最大重试次数: https://www.ncha.gov.cn/col/col2314/index.html
2026-06-14 18:33:14,965 [INFO]   请求 [1/3]: https://www.ncha.gov.cn/col/col2315/index.html...
2026-06-14 18:33:49,530 [WARNING]   连接错误: HTTPSConnectionPool(host='www.ncha.gov.cn', port=443): Max retries exceeded with url: /col/col2315/index.html (Caused by NewConnectionError("HTTPSConnection(host='www.ncha.gov.cn', port=443): Failed to establish a new connection: [WinError 10061] 由于目标计算机积极拒绝，无法连接。")) (attempt 1)
2026-06-14 18:33:51,532 [INFO]   请求 [2/3]: https://www.ncha.gov.cn/col/col2315/index.html...
2026-06-14 18:34:26,129 [WARNING]   连接错误: HTTPSConnectionPool(host='www.ncha.gov.cn', port=443): Max retries exceeded with url: /col/col2315/index.html (Caused by NewConnectionError("HTTPSConnection(host='www.ncha.gov.cn', port=443): Failed to establish a new connection: [WinError 10061] 由于目标计算机积极拒绝，无法连接。")) (attempt 2)
2026-06-14 18:34:30,130 [INFO]   请求 [3/3]: https://www.ncha.gov.cn/col/col2315/index.html...
2026-06-14 18:35:04,984 [WARNING]   连接错误: HTTPSConnectionPool(host='www.ncha.gov.cn', port=443): Max retries exceeded with url: /col/col2315/index.html (Caused by NewConnectionError("HTTPSConnection(host='www.ncha.gov.cn', port=443): Failed to establish a new connection: [WinError 10061] 由于目标计算机积极拒绝，无法连接。")) (attempt 3)
2026-06-14 18:35:04,984 [ERROR]   请求失败，已达最大重试次数: https://www.ncha.gov.cn/col/col2315/index.html
2026-06-14 18:35:04,984 [INFO]   请求 [1/3]: https://www.ncha.gov.cn/col/col2316/index.html...
2026-06-14 18:35:39,629 [WARNING]   连接错误: HTTPSConnectionPool(host='www.ncha.gov.cn', port=443): Max retries exceeded with url: /col/col2316/index.html (Caused by NewConnectionError("HTTPSConnection(host='www.ncha.gov.cn', port=443): Failed to establish a new connection: [WinError 10061] 由于目标计算机积极拒绝，无法连接。")) (attempt 1)
2026-06-14 18:35:41,629 [INFO]   请求 [2/3]: https://www.ncha.gov.cn/col/col2316/index.html...
2026-06-14 18:36:16,234 [WARNING]   连接错误: HTTPSConnectionPool(host='www.ncha.gov.cn', port=443): Max retries exceeded with url: /col/col2316/index.html (Caused by NewConnectionError("HTTPSConnection(host='www.ncha.gov.cn', port=443): Failed to establish a new connection: [WinError 10061] 由于目标计算机积极拒绝，无法连接。")) (attempt 2)
2026-06-14 18:36:20,235 [INFO]   请求 [3/3]: https://www.ncha.gov.cn/col/col2316/index.html...
2026-06-14 18:36:54,838 [WARNING]   连接错误: HTTPSConnectionPool(host='www.ncha.gov.cn', port=443): Max retries exceeded with url: /col/col2316/index.html (Caused by NewConnectionError("HTTPSConnection(host='www.ncha.gov.cn', port=443): Failed to establish a new connection: [WinError 10061] 由于目标计算机积极拒绝，无法连接。")) (attempt 3)
2026-06-14 18:36:54,838 [ERROR]   请求失败，已达最大重试次数: https://www.ncha.gov.cn/col/col2316/index.html
2026-06-14 18:36:54,838 [INFO]   采集到 0 条
2026-06-14 18:36:54,838 [INFO] --- 开始采集: 弘博网 ---
2026-06-14 18:36:54,838 [INFO]   请求 [1/3]: https://www.hongbowang.net/news/index.html...
2026-06-14 18:36:55,700 [WARNING]   HTTP错误: 404 Client Error: Not Found for url: https://www.hongbowang.net/news/index.html (attempt 1)
2026-06-14 18:36:57,701 [INFO]   请求 [2/3]: https://www.hongbowang.net/news/index.html...
2026-06-14 18:36:58,547 [WARNING]   HTTP错误: 404 Client Error: Not Found for url: https://www.hongbowang.net/news/index.html (attempt 2)
2026-06-14 18:37:02,548 [INFO]   请求 [3/3]: https://www.hongbowang.net/news/index.html...
2026-06-14 18:37:03,423 [WARNING]   HTTP错误: 404 Client Error: Not Found for url: https://www.hongbowang.net/news/index.html (attempt 3)
2026-06-14 18:37:03,423 [ERROR]   请求失败，已达最大重试次数: https://www.hongbowang.net/news/index.html
2026-06-14 18:37:03,424 [INFO]   请求 [1/3]: https://www.hongbowang.net/news/zc/index.html...
2026-06-14 18:37:04,270 [WARNING]   HTTP错误: 404 Client Error: Not Found for url: https://www.hongbowang.net/news/zc/index.html (attempt 1)
2026-06-14 18:37:06,271 [INFO]   请求 [2/3]: https://www.hongbowang.net/news/zc/index.html...
2026-06-14 18:37:07,146 [WARNING]   HTTP错误: 404 Client Error: Not Found for url: https://www.hongbowang.net/news/zc/index.html (attempt 2)
2026-06-14 18:37:11,148 [INFO]   请求 [3/3]: https://www.hongbowang.net/news/zc/index.html...
2026-06-14 18:37:11,998 [WARNING]   HTTP错误: 404 Client Error: Not Found for url: https://www.hongbowang.net/news/zc/index.html (attempt 3)
2026-06-14 18:37:11,998 [ERROR]   请求失败，已达最大重试次数: https://www.hongbowang.net/news/zc/index.html
2026-06-14 18:37:11,999 [INFO]   采集到 0 条
2026-06-14 18:37:11,999 [INFO] 去重后: 10 条
2026-06-14 18:37:12,000 [INFO] 输出已写入: C:\Users\Administrator\Favorites\workspace-work\versions\v1.3.3\src\data\raw_business.json (10 条)
2026-06-14 18:37:12,000 [INFO] 商业情报采集脚本执行完成
