2026-06-14 18:18:59,959 [INFO] ============================================================
2026-06-14 18:18:59,959 [INFO] 会议采集脚本启动 — 2026-06-14T18:18:59.959807
2026-06-14 18:18:59,960 [INFO] 时间窗口: 2026-06-01 ~ 2026-09-01
2026-06-14 18:18:59,960 [INFO] ============================================================
2026-06-14 18:18:59,960 [INFO] --- 开始采集: 中国博物馆协会 ---
2026-06-14 18:18:59,960 [INFO]   请求 [1/3]: https://www.chinamuseum.org.cn/xhdt/index.html...
2026-06-14 18:19:00,348 [WARNING]   HTTP错误: 404 Client Error: Not Found for url: https://www.chinamuseum.org.cn/xhdt/index.html
2026-06-14 18:19:02,348 [INFO]   请求 [2/3]: https://www.chinamuseum.org.cn/xhdt/index.html...
2026-06-14 18:19:02,697 [WARNING]   HTTP错误: 404 Client Error: Not Found for url: https://www.chinamuseum.org.cn/xhdt/index.html
2026-06-14 18:19:06,698 [INFO]   请求 [3/3]: https://www.chinamuseum.org.cn/xhdt/index.html...
2026-06-14 18:19:07,055 [WARNING]   HTTP错误: 404 Client Error: Not Found for url: https://www.chinamuseum.org.cn/xhdt/index.html
2026-06-14 18:19:07,056 [INFO]   采集到 0 条
2026-06-14 18:19:07,056 [INFO] --- 开始采集: ICOMOS ---
2026-06-14 18:19:07,056 [INFO]   请求 [1/3]: https://www.icomos.org/en/focus/events...
2026-06-14 18:19:13,934 [WARNING]   HTTP错误: 404 Client Error: Not Found for url: https://www.icomos.org/focus/events/
2026-06-14 18:19:15,935 [INFO]   请求 [2/3]: https://www.icomos.org/en/focus/events...
2026-06-14 18:19:18,233 [WARNING]   HTTP错误: 404 Client Error: Not Found for url: https://www.icomos.org/focus/events/
2026-06-14 18:19:22,234 [INFO]   请求 [3/3]: https://www.icomos.org/en/focus/events...
2026-06-14 18:19:24,688 [WARNING]   HTTP错误: 404 Client Error: Not Found for url: https://www.icomos.org/focus/events/
2026-06-14 18:19:24,689 [INFO]   采集到 0 条
2026-06-14 18:19:24,689 [INFO] --- 开始采集: 中国考古学会 ---
2026-06-14 18:19:24,689 [INFO]   请求 [1/3]: http://www.caass.org.cn/channel/news.html...
2026-06-14 18:19:25,170 [WARNING]   HTTP错误: 404 Client Error: Not Found for url: https://www.caass.org.cn/channel/news.html
2026-06-14 18:19:27,171 [INFO]   请求 [2/3]: http://www.caass.org.cn/channel/news.html...
2026-06-14 18:19:27,634 [WARNING]   HTTP错误: 404 Client Error: Not Found for url: https://www.caass.org.cn/channel/news.html
2026-06-14 18:19:31,634 [INFO]   请求 [3/3]: http://www.caass.org.cn/channel/news.html...
2026-06-14 18:19:32,080 [WARNING]   HTTP错误: 404 Client Error: Not Found for url: https://www.caass.org.cn/channel/news.html
2026-06-14 18:19:32,082 [INFO]   采集到 0 条
2026-06-14 18:19:32,082 [WARNING] 所有信源采集均无结果，使用种子数据
2026-06-14 18:19:32,082 [INFO] 输出已写入: C:\Users\Administrator\Favorites\workspace-work\versions\v1.3.3\src\data\raw_conferences.json (5 条)
2026-06-14 18:19:32,082 [INFO] 会议采集脚本执行完成
