2026-06-14 18:19:55,208 [INFO] ============================================================
2026-06-14 18:19:55,208 [INFO] 论文采集脚本启动 — 2026-06-14T18:19:55.208218
2026-06-14 18:19:55,208 [INFO] 时间截止线: 2025-06-14 (最近12个月)
2026-06-14 18:19:55,208 [INFO] ============================================================
2026-06-14 18:19:55,208 [INFO]   arXiv 搜索: cultural heritage
2026-06-14 18:19:55,208 [INFO]   请求 [1/3]: http://export.arxiv.org/api/query...
2026-06-14 18:19:59,842 [INFO]     arXiv 'cultural heritage': 10 篇 (过滤后)
2026-06-14 18:19:59,843 [INFO]   CrossRef 搜索: cultural heritage
2026-06-14 18:19:59,843 [INFO]   请求 [1/3]: https://api.crossref.org/works...
2026-06-14 18:20:11,039 [INFO]     CrossRef 'cultural heritage': 7 篇
2026-06-14 18:20:11,040 [INFO]   arXiv 搜索: heritage conservation
2026-06-14 18:20:11,040 [INFO]   请求 [1/3]: http://export.arxiv.org/api/query...
2026-06-14 18:20:12,953 [INFO]     arXiv 'heritage conservation': 10 篇 (过滤后)
2026-06-14 18:20:12,954 [INFO]   CrossRef 搜索: heritage conservation
2026-06-14 18:20:12,954 [INFO]   请求 [1/3]: https://api.crossref.org/works...
2026-06-14 18:20:21,181 [INFO]     CrossRef 'heritage conservation': 10 篇
2026-06-14 18:20:21,182 [INFO]   arXiv 搜索: museology
2026-06-14 18:20:21,182 [INFO]   请求 [1/3]: http://export.arxiv.org/api/query...
2026-06-14 18:20:22,929 [INFO]     arXiv 'museology': 0 篇 (过滤后)
2026-06-14 18:20:22,930 [INFO]   CrossRef 搜索: museology
2026-06-14 18:20:22,930 [INFO]   请求 [1/3]: https://api.crossref.org/works...
2026-06-14 18:20:33,994 [INFO]     CrossRef 'museology': 10 篇
2026-06-14 18:20:33,995 [INFO]   arXiv 搜索: intangible cultural heritage
2026-06-14 18:20:33,996 [INFO]   请求 [1/3]: http://export.arxiv.org/api/query...
2026-06-14 18:20:37,327 [INFO]     arXiv 'intangible cultural heritage': 10 篇 (过滤后)
2026-06-14 18:20:37,328 [INFO]   CrossRef 搜索: intangible cultural heritage
2026-06-14 18:20:37,328 [INFO]   请求 [1/3]: https://api.crossref.org/works...
2026-06-14 18:20:45,393 [INFO]     CrossRef 'intangible cultural heritage': 8 篇
2026-06-14 18:20:45,394 [INFO]   arXiv 搜索: archaeology
2026-06-14 18:20:45,394 [INFO]   请求 [1/3]: http://export.arxiv.org/api/query...
2026-06-14 18:20:48,074 [INFO]     arXiv 'archaeology': 10 篇 (过滤后)
2026-06-14 18:20:48,074 [INFO]   CrossRef 搜索: archaeology
2026-06-14 18:20:48,075 [INFO]   请求 [1/3]: https://api.crossref.org/works...
2026-06-14 18:20:55,721 [INFO]     CrossRef 'archaeology': 10 篇
2026-06-14 18:20:55,722 [INFO] 去重后: 74 篇
2026-06-14 18:20:55,725 [INFO] 输出已写入: C:\Users\Administrator\Favorites\workspace-work\versions\v1.3.3\src\data\raw_papers.json (74 篇)
2026-06-14 18:20:55,725 [INFO] 论文采集脚本执行完成
