2026-06-14 18:24:48,176 [INFO] ============================================================
2026-06-14 18:24:48,176 [INFO] 会议采集脚本启动 — 2026-06-14T18:24:48.176756
2026-06-14 18:24:48,176 [INFO] 时间窗口: 2026-06-01 ~ 2026-09-01
2026-06-14 18:24:48,176 [INFO] ============================================================
2026-06-14 18:24:48,176 [INFO] --- 开始采集: 中国博物馆协会 ---
2026-06-14 18:24:48,176 [INFO]   请求 [1/3]: https://www.chinamuseum.org.cn/?pageIndex=0&phrase=true&word=...
2026-06-14 18:24:48,812 [INFO]   采集到 0 条
2026-06-14 18:24:48,813 [INFO] --- 开始采集: ICOMOS ---
2026-06-14 18:24:48,813 [INFO]   请求 [1/3]: https://www.icomos.org/en/resources/resources-for-members/calendar-resources...
2026-06-14 18:24:50,064 [INFO]   采集到 0 条
2026-06-14 18:24:50,065 [INFO] --- 开始采集: 中国考古网 ---
2026-06-14 18:24:50,065 [INFO]   请求 [1/3]: https://www.kaogu.cn/cn/xueshuhuiyi/...
2026-06-14 18:25:10,105 [WARNING]   超时 (attempt 1)
2026-06-14 18:25:12,106 [INFO]   请求 [2/3]: https://www.kaogu.cn/cn/xueshuhuiyi/...
2026-06-14 18:25:32,121 [WARNING]   超时 (attempt 2)
2026-06-14 18:25:36,122 [INFO]   请求 [3/3]: https://www.kaogu.cn/cn/xueshuhuiyi/...
2026-06-14 18:25:56,138 [WARNING]   超时 (attempt 3)
2026-06-14 18:25:56,138 [INFO]   采集到 0 条
2026-06-14 18:25:56,138 [WARNING] 所有信源采集均无结果，使用种子数据
2026-06-14 18:25:56,138 [INFO] 输出已写入: C:\Users\Administrator\Favorites\workspace-work\versions\v1.3.3\src\data\raw_conferences.json (5 条)
2026-06-14 18:25:56,138 [INFO] 会议采集脚本执行完成
