2026-06-14 14:00:31,898 [INFO] ============================================================
2026-06-14 14:00:31,898 [INFO] 商业情报采集脚本启动 — 2026-06-14T14:00:31.898189
2026-06-14 14:00:31,898 [INFO] ============================================================
2026-06-14 14:00:31,898 [INFO] --- 开始采集: 中国政府采购网 ---
2026-06-14 14:00:31,898 [INFO]   请求 [1/3]: https://search.ccgp.gov.cn/bxsearch...
2026-06-14 14:00:32,432 [INFO]   请求 [1/3]: https://search.ccgp.gov.cn/bxsearch...
2026-06-14 14:00:33,001 [INFO]   请求 [1/3]: https://search.ccgp.gov.cn/bxsearch...
2026-06-14 14:00:33,485 [INFO]   请求 [1/3]: https://search.ccgp.gov.cn/bxsearch...
2026-06-14 14:00:34,071 [INFO]   请求 [1/3]: https://search.ccgp.gov.cn/bxsearch...
2026-06-14 14:00:34,556 [INFO]   采集到 11 条
2026-06-14 14:00:34,558 [INFO] --- 开始采集: 国家文物局 ---
2026-06-14 14:00:34,558 [INFO]   请求 [1/3]: https://www.ncha.gov.cn/col/col2314/index.html...
2026-06-14 14:01:09,139 [WARNING]   连接错误: HTTPSConnectionPool(host='www.ncha.gov.cn', port=443): Max retries exceeded with url: /col/col2314/index.html (Caused by NewConnectionError("HTTPSConnection(host='www.ncha.gov.cn', port=443): Failed to establish a new connection: [WinError 10061] 由于目标计算机积极拒绝，无法连接。")) (attempt 1)
2026-06-14 14:01:11,139 [INFO]   请求 [2/3]: https://www.ncha.gov.cn/col/col2314/index.html...
2026-06-14 14:01:45,720 [WARNING]   连接错误: HTTPSConnectionPool(host='www.ncha.gov.cn', port=443): Max retries exceeded with url: /col/col2314/index.html (Caused by NewConnectionError("HTTPSConnection(host='www.ncha.gov.cn', port=443): Failed to establish a new connection: [WinError 10061] 由于目标计算机积极拒绝，无法连接。")) (attempt 2)
2026-06-14 14:01:49,721 [INFO]   请求 [3/3]: https://www.ncha.gov.cn/col/col2314/index.html...
2026-06-14 14:02:24,310 [WARNING]   连接错误: HTTPSConnectionPool(host='www.ncha.gov.cn', port=443): Max retries exceeded with url: /col/col2314/index.html (Caused by NewConnectionError("HTTPSConnection(host='www.ncha.gov.cn', port=443): Failed to establish a new connection: [WinError 10061] 由于目标计算机积极拒绝，无法连接。")) (attempt 3)
2026-06-14 14:02:24,310 [ERROR]   请求失败，已达最大重试次数: https://www.ncha.gov.cn/col/col2314/index.html
2026-06-14 14:02:24,310 [INFO]   请求 [1/3]: https://www.ncha.gov.cn/col/col2315/index.html...
2026-06-14 14:02:58,900 [WARNING]   连接错误: HTTPSConnectionPool(host='www.ncha.gov.cn', port=443): Max retries exceeded with url: /col/col2315/index.html (Caused by NewConnectionError("HTTPSConnection(host='www.ncha.gov.cn', port=443): Failed to establish a new connection: [WinError 10061] 由于目标计算机积极拒绝，无法连接。")) (attempt 1)
2026-06-14 14:03:00,900 [INFO]   请求 [2/3]: https://www.ncha.gov.cn/col/col2315/index.html...
2026-06-14 14:03:35,477 [WARNING]   连接错误: HTTPSConnectionPool(host='www.ncha.gov.cn', port=443): Max retries exceeded with url: /col/col2315/index.html (Caused by NewConnectionError("HTTPSConnection(host='www.ncha.gov.cn', port=443): Failed to establish a new connection: [WinError 10061] 由于目标计算机积极拒绝，无法连接。")) (attempt 2)
2026-06-14 14:03:39,478 [INFO]   请求 [3/3]: https://www.ncha.gov.cn/col/col2315/index.html...
2026-06-14 14:04:14,083 [WARNING]   连接错误: HTTPSConnectionPool(host='www.ncha.gov.cn', port=443): Max retries exceeded with url: /col/col2315/index.html (Caused by NewConnectionError("HTTPSConnection(host='www.ncha.gov.cn', port=443): Failed to establish a new connection: [WinError 10061] 由于目标计算机积极拒绝，无法连接。")) (attempt 3)
2026-06-14 14:04:14,083 [ERROR]   请求失败，已达最大重试次数: https://www.ncha.gov.cn/col/col2315/index.html
2026-06-14 14:04:14,083 [INFO]   请求 [1/3]: https://www.ncha.gov.cn/col/col2316/index.html...
2026-06-14 14:04:45,856 [WARNING]   请求超时 (attempt 1)
2026-06-14 14:04:47,857 [INFO]   请求 [2/3]: https://www.ncha.gov.cn/col/col2316/index.html...
2026-06-14 14:05:22,442 [WARNING]   连接错误: HTTPSConnectionPool(host='www.ncha.gov.cn', port=443): Max retries exceeded with url: /col/col2316/index.html (Caused by NewConnectionError("HTTPSConnection(host='www.ncha.gov.cn', port=443): Failed to establish a new connection: [WinError 10061] 由于目标计算机积极拒绝，无法连接。")) (attempt 2)
2026-06-14 14:05:26,443 [INFO]   请求 [3/3]: https://www.ncha.gov.cn/col/col2316/index.html...
2026-06-14 14:06:01,013 [WARNING]   连接错误: HTTPSConnectionPool(host='www.ncha.gov.cn', port=443): Max retries exceeded with url: /col/col2316/index.html (Caused by NewConnectionError("HTTPSConnection(host='www.ncha.gov.cn', port=443): Failed to establish a new connection: [WinError 10061] 由于目标计算机积极拒绝，无法连接。")) (attempt 3)
2026-06-14 14:06:01,013 [ERROR]   请求失败，已达最大重试次数: https://www.ncha.gov.cn/col/col2316/index.html
2026-06-14 14:06:01,013 [INFO]   采集到 0 条
2026-06-14 14:06:01,013 [INFO] --- 开始采集: 弘博网 ---
2026-06-14 14:06:01,013 [INFO]   请求 [1/3]: https://www.hongbowang.net/news/index.html...
2026-06-14 14:06:01,877 [WARNING]   HTTP错误: 404 Client Error: Not Found for url: https://www.hongbowang.net/news/index.html (attempt 1)
2026-06-14 14:06:03,878 [INFO]   请求 [2/3]: https://www.hongbowang.net/news/index.html...
2026-06-14 14:06:04,731 [WARNING]   HTTP错误: 404 Client Error: Not Found for url: https://www.hongbowang.net/news/index.html (attempt 2)
2026-06-14 14:06:08,732 [INFO]   请求 [3/3]: https://www.hongbowang.net/news/index.html...
2026-06-14 14:06:09,565 [WARNING]   HTTP错误: 404 Client Error: Not Found for url: https://www.hongbowang.net/news/index.html (attempt 3)
2026-06-14 14:06:09,565 [ERROR]   请求失败，已达最大重试次数: https://www.hongbowang.net/news/index.html
2026-06-14 14:06:09,567 [INFO]   请求 [1/3]: https://www.hongbowang.net/news/zc/index.html...
2026-06-14 14:06:10,418 [WARNING]   HTTP错误: 404 Client Error: Not Found for url: https://www.hongbowang.net/news/zc/index.html (attempt 1)
2026-06-14 14:06:12,420 [INFO]   请求 [2/3]: https://www.hongbowang.net/news/zc/index.html...
2026-06-14 14:06:13,289 [WARNING]   HTTP错误: 404 Client Error: Not Found for url: https://www.hongbowang.net/news/zc/index.html (attempt 2)
2026-06-14 14:06:17,291 [INFO]   请求 [3/3]: https://www.hongbowang.net/news/zc/index.html...
2026-06-14 14:06:18,157 [WARNING]   HTTP错误: 404 Client Error: Not Found for url: https://www.hongbowang.net/news/zc/index.html (attempt 3)
2026-06-14 14:06:18,157 [ERROR]   请求失败，已达最大重试次数: https://www.hongbowang.net/news/zc/index.html
2026-06-14 14:06:18,158 [INFO]   采集到 0 条
2026-06-14 14:06:18,158 [INFO] 去重后: 10 条
2026-06-14 14:06:18,159 [INFO] 输出已写入: C:\Users\Administrator\Favorites\workspace-work\versions\v1.3.3\src\data\raw_business.json (10 条)
2026-06-14 14:06:18,159 [INFO] 商业情报采集脚本执行完成
