2026-06-14 15:20:51,168 [INFO] ============================================================
2026-06-14 15:20:51,168 [INFO] 商业情报采集脚本启动 — 2026-06-14T15:20:51.168159
2026-06-14 15:20:51,168 [INFO] ============================================================
2026-06-14 15:20:51,168 [INFO] --- 开始采集: 中国政府采购网 ---
2026-06-14 15:20:51,168 [INFO]   请求 [1/3]: https://search.ccgp.gov.cn/bxsearch...
2026-06-14 15:20:52,281 [INFO]   请求 [1/3]: https://search.ccgp.gov.cn/bxsearch...
2026-06-14 15:20:52,725 [INFO]   请求 [1/3]: https://search.ccgp.gov.cn/bxsearch...
2026-06-14 15:20:53,163 [INFO]   请求 [1/3]: https://search.ccgp.gov.cn/bxsearch...
2026-06-14 15:20:53,631 [INFO]   请求 [1/3]: https://search.ccgp.gov.cn/bxsearch...
2026-06-14 15:20:54,076 [INFO]   采集到 11 条
2026-06-14 15:20:54,077 [INFO] --- 开始采集: 国家文物局 ---
2026-06-14 15:20:54,077 [INFO]   请求 [1/3]: https://www.ncha.gov.cn/col/col2314/index.html...
2026-06-14 15:21:28,646 [WARNING]   连接错误: HTTPSConnectionPool(host='www.ncha.gov.cn', port=443): Max retries exceeded with url: /col/col2314/index.html (Caused by NewConnectionError("HTTPSConnection(host='www.ncha.gov.cn', port=443): Failed to establish a new connection: [WinError 10061] 由于目标计算机积极拒绝，无法连接。")) (attempt 1)
2026-06-14 15:21:30,647 [INFO]   请求 [2/3]: https://www.ncha.gov.cn/col/col2314/index.html...
2026-06-14 15:22:05,214 [WARNING]   连接错误: HTTPSConnectionPool(host='www.ncha.gov.cn', port=443): Max retries exceeded with url: /col/col2314/index.html (Caused by NewConnectionError("HTTPSConnection(host='www.ncha.gov.cn', port=443): Failed to establish a new connection: [WinError 10061] 由于目标计算机积极拒绝，无法连接。")) (attempt 2)
2026-06-14 15:22:09,215 [INFO]   请求 [3/3]: https://www.ncha.gov.cn/col/col2314/index.html...
2026-06-14 15:22:43,804 [WARNING]   连接错误: HTTPSConnectionPool(host='www.ncha.gov.cn', port=443): Max retries exceeded with url: /col/col2314/index.html (Caused by NewConnectionError("HTTPSConnection(host='www.ncha.gov.cn', port=443): Failed to establish a new connection: [WinError 10061] 由于目标计算机积极拒绝，无法连接。")) (attempt 3)
2026-06-14 15:22:43,804 [ERROR]   请求失败，已达最大重试次数: https://www.ncha.gov.cn/col/col2314/index.html
2026-06-14 15:22:43,804 [INFO]   请求 [1/3]: https://www.ncha.gov.cn/col/col2315/index.html...
2026-06-14 15:23:18,395 [WARNING]   连接错误: HTTPSConnectionPool(host='www.ncha.gov.cn', port=443): Max retries exceeded with url: /col/col2315/index.html (Caused by NewConnectionError("HTTPSConnection(host='www.ncha.gov.cn', port=443): Failed to establish a new connection: [WinError 10061] 由于目标计算机积极拒绝，无法连接。")) (attempt 1)
2026-06-14 15:23:20,395 [INFO]   请求 [2/3]: https://www.ncha.gov.cn/col/col2315/index.html...
2026-06-14 15:23:54,971 [WARNING]   连接错误: HTTPSConnectionPool(host='www.ncha.gov.cn', port=443): Max retries exceeded with url: /col/col2315/index.html (Caused by NewConnectionError("HTTPSConnection(host='www.ncha.gov.cn', port=443): Failed to establish a new connection: [WinError 10061] 由于目标计算机积极拒绝，无法连接。")) (attempt 2)
2026-06-14 15:23:58,971 [INFO]   请求 [3/3]: https://www.ncha.gov.cn/col/col2315/index.html...
2026-06-14 15:24:33,563 [WARNING]   连接错误: HTTPSConnectionPool(host='www.ncha.gov.cn', port=443): Max retries exceeded with url: /col/col2315/index.html (Caused by NewConnectionError("HTTPSConnection(host='www.ncha.gov.cn', port=443): Failed to establish a new connection: [WinError 10061] 由于目标计算机积极拒绝，无法连接。")) (attempt 3)
2026-06-14 15:24:33,563 [ERROR]   请求失败，已达最大重试次数: https://www.ncha.gov.cn/col/col2315/index.html
2026-06-14 15:24:33,563 [INFO]   请求 [1/3]: https://www.ncha.gov.cn/col/col2316/index.html...
2026-06-14 15:25:08,164 [WARNING]   连接错误: HTTPSConnectionPool(host='www.ncha.gov.cn', port=443): Max retries exceeded with url: /col/col2316/index.html (Caused by NewConnectionError("HTTPSConnection(host='www.ncha.gov.cn', port=443): Failed to establish a new connection: [WinError 10061] 由于目标计算机积极拒绝，无法连接。")) (attempt 1)
2026-06-14 15:25:10,165 [INFO]   请求 [2/3]: https://www.ncha.gov.cn/col/col2316/index.html...
2026-06-14 15:25:44,751 [WARNING]   连接错误: HTTPSConnectionPool(host='www.ncha.gov.cn', port=443): Max retries exceeded with url: /col/col2316/index.html (Caused by NewConnectionError("HTTPSConnection(host='www.ncha.gov.cn', port=443): Failed to establish a new connection: [WinError 10061] 由于目标计算机积极拒绝，无法连接。")) (attempt 2)
2026-06-14 15:25:48,752 [INFO]   请求 [3/3]: https://www.ncha.gov.cn/col/col2316/index.html...
2026-06-14 15:26:23,334 [WARNING]   连接错误: HTTPSConnectionPool(host='www.ncha.gov.cn', port=443): Max retries exceeded with url: /col/col2316/index.html (Caused by NewConnectionError("HTTPSConnection(host='www.ncha.gov.cn', port=443): Failed to establish a new connection: [WinError 10061] 由于目标计算机积极拒绝，无法连接。")) (attempt 3)
2026-06-14 15:26:23,335 [ERROR]   请求失败，已达最大重试次数: https://www.ncha.gov.cn/col/col2316/index.html
2026-06-14 15:26:23,335 [INFO]   采集到 0 条
2026-06-14 15:26:23,335 [INFO] --- 开始采集: 弘博网 ---
2026-06-14 15:26:23,335 [INFO]   请求 [1/3]: https://www.hongbowang.net/news/index.html...
2026-06-14 15:26:39,007 [WARNING]   HTTP错误: 404 Client Error: Not Found for url: https://www.hongbowang.net/news/index.html (attempt 1)
2026-06-14 15:26:41,007 [INFO]   请求 [2/3]: https://www.hongbowang.net/news/index.html...
2026-06-14 15:26:46,245 [WARNING]   HTTP错误: 404 Client Error: Not Found for url: https://www.hongbowang.net/news/index.html (attempt 2)
2026-06-14 15:26:50,246 [INFO]   请求 [3/3]: https://www.hongbowang.net/news/index.html...
2026-06-14 15:26:51,096 [WARNING]   HTTP错误: 404 Client Error: Not Found for url: https://www.hongbowang.net/news/index.html (attempt 3)
2026-06-14 15:26:51,096 [ERROR]   请求失败，已达最大重试次数: https://www.hongbowang.net/news/index.html
2026-06-14 15:26:51,097 [INFO]   请求 [1/3]: https://www.hongbowang.net/news/zc/index.html...
2026-06-14 15:26:52,962 [WARNING]   HTTP错误: 404 Client Error: Not Found for url: https://www.hongbowang.net/news/zc/index.html (attempt 1)
2026-06-14 15:26:54,963 [INFO]   请求 [2/3]: https://www.hongbowang.net/news/zc/index.html...
2026-06-14 15:26:55,819 [WARNING]   HTTP错误: 404 Client Error: Not Found for url: https://www.hongbowang.net/news/zc/index.html (attempt 2)
2026-06-14 15:26:59,820 [INFO]   请求 [3/3]: https://www.hongbowang.net/news/zc/index.html...
2026-06-14 15:27:00,658 [WARNING]   HTTP错误: 404 Client Error: Not Found for url: https://www.hongbowang.net/news/zc/index.html (attempt 3)
2026-06-14 15:27:00,658 [ERROR]   请求失败，已达最大重试次数: https://www.hongbowang.net/news/zc/index.html
2026-06-14 15:27:00,659 [INFO]   采集到 0 条
2026-06-14 15:27:00,659 [INFO] 去重后: 10 条
2026-06-14 15:27:00,659 [INFO] 输出已写入: C:\Users\Administrator\Favorites\workspace-work\versions\v1.3.3\src\data\raw_business.json (10 条)
2026-06-14 15:27:00,659 [INFO] 商业情报采集脚本执行完成
