2026-06-14 18:31:22,702 [INFO] ============================================================
2026-06-14 18:31:22,703 [INFO] 论文采集脚本启动 — 2026-06-14T18:31:22.703028
2026-06-14 18:31:22,703 [INFO] 时间截止线: 2025-06-14 (最近12个月)
2026-06-14 18:31:22,703 [INFO] ============================================================
2026-06-14 18:31:22,703 [INFO]   arXiv 搜索: cultural heritage
2026-06-14 18:31:22,703 [INFO]   请求 [1/3]: http://export.arxiv.org/api/query...
2026-06-14 18:31:24,223 [INFO]     arXiv 'cultural heritage': 10 篇 (过滤后)
2026-06-14 18:31:24,223 [INFO]   CrossRef 搜索: cultural heritage
2026-06-14 18:31:24,224 [INFO]   请求 [1/3]: https://api.crossref.org/works...
2026-06-14 18:31:27,087 [INFO]     CrossRef 'cultural heritage': 7 篇
2026-06-14 18:31:27,088 [INFO]   arXiv 搜索: heritage conservation
2026-06-14 18:31:27,088 [INFO]   请求 [1/3]: http://export.arxiv.org/api/query...
2026-06-14 18:31:28,710 [INFO]     arXiv 'heritage conservation': 10 篇 (过滤后)
2026-06-14 18:31:28,710 [INFO]   CrossRef 搜索: heritage conservation
2026-06-14 18:31:28,711 [INFO]   请求 [1/3]: https://api.crossref.org/works...
2026-06-14 18:31:34,879 [INFO]     CrossRef 'heritage conservation': 10 篇
2026-06-14 18:31:34,880 [INFO]   arXiv 搜索: museology
2026-06-14 18:31:34,880 [INFO]   请求 [1/3]: http://export.arxiv.org/api/query...
2026-06-14 18:31:36,520 [INFO]     arXiv 'museology': 0 篇 (过滤后)
2026-06-14 18:31:36,522 [INFO]   CrossRef 搜索: museology
2026-06-14 18:31:36,522 [INFO]   请求 [1/3]: https://api.crossref.org/works...
2026-06-14 18:31:38,865 [INFO]     CrossRef 'museology': 10 篇
2026-06-14 18:31:38,866 [INFO]   arXiv 搜索: intangible cultural heritage
2026-06-14 18:31:38,867 [INFO]   请求 [1/3]: http://export.arxiv.org/api/query...
2026-06-14 18:31:41,985 [INFO]     arXiv 'intangible cultural heritage': 10 篇 (过滤后)
2026-06-14 18:31:41,987 [INFO]   CrossRef 搜索: intangible cultural heritage
2026-06-14 18:31:41,987 [INFO]   请求 [1/3]: https://api.crossref.org/works...
2026-06-14 18:31:47,492 [INFO]     CrossRef 'intangible cultural heritage': 8 篇
2026-06-14 18:31:47,494 [INFO]   arXiv 搜索: archaeology
2026-06-14 18:31:47,494 [INFO]   请求 [1/3]: http://export.arxiv.org/api/query...
2026-06-14 18:31:49,743 [INFO]     arXiv 'archaeology': 10 篇 (过滤后)
2026-06-14 18:31:49,744 [INFO]   CrossRef 搜索: archaeology
2026-06-14 18:31:49,744 [INFO]   请求 [1/3]: https://api.crossref.org/works...
2026-06-14 18:31:54,731 [INFO]     CrossRef 'archaeology': 10 篇
2026-06-14 18:31:54,732 [INFO] 去重后: 74 篇
2026-06-14 18:31:54,734 [INFO] 输出已写入: C:\Users\Administrator\Favorites\workspace-work\versions\v1.3.3\src\data\raw_papers.json (74 篇)
2026-06-14 18:31:54,734 [INFO] 论文采集脚本执行完成
